// Jest Snapshot v1, https://goo.gl/fbAQLP

exports[`index should render correctly 1`] = `
initialize {
  "0": Object {
    "attribs": Object {},
    "children": Array [
      Object {
        "data": "Click me",
        "next": null,
        "parent": [Circular],
        "prev": null,
        "type": "text",
      },
    ],
    "name": "button",
    "namespace": "http://www.w3.org/1999/xhtml",
    "next": Object {
      "attribs": Object {
        "style": "font-size:0",
      },
      "children": Array [],
      "name": "span",
      "namespace": "http://www.w3.org/1999/xhtml",
      "next": null,
      "parent": null,
      "prev": [Circular],
      "root": Object {
        "attribs": Object {},
        "children": Array [
          [Circular],
          [Circular],
        ],
        "name": "root",
        "namespace": "http://www.w3.org/1999/xhtml",
        "next": null,
        "parent": null,
        "prev": null,
        "type": "root",
        "x-attribsNamespace": Object {},
        "x-attribsPrefix": Object {},
      },
      "type": "tag",
      "x-attribsNamespace": Object {
        "style": undefined,
      },
      "x-attribsPrefix": Object {
        "style": undefined,
      },
    },
    "parent": null,
    "prev": null,
    "root": Object {
      "attribs": Object {},
      "children": Array [
        [Circular],
        Object {
          "attribs": Object {
            "style": "font-size:0",
          },
          "children": Array [],
          "name": "span",
          "namespace": "http://www.w3.org/1999/xhtml",
          "next": null,
          "parent": null,
          "prev": [Circular],
          "root": [Circular],
          "type": "tag",
          "x-attribsNamespace": Object {
            "style": undefined,
          },
          "x-attribsPrefix": Object {
            "style": undefined,
          },
        },
      ],
      "name": "root",
      "namespace": "http://www.w3.org/1999/xhtml",
      "next": null,
      "parent": null,
      "prev": null,
      "type": "root",
      "x-attribsNamespace": Object {},
      "x-attribsPrefix": Object {},
    },
    "type": "tag",
    "x-attribsNamespace": Object {},
    "x-attribsPrefix": Object {},
  },
  "1": Object {
    "attribs": Object {
      "style": "font-size:0",
    },
    "children": Array [],
    "name": "span",
    "namespace": "http://www.w3.org/1999/xhtml",
    "next": null,
    "parent": null,
    "prev": Object {
      "attribs": Object {},
      "children": Array [
        Object {
          "data": "Click me",
          "next": null,
          "parent": [Circular],
          "prev": null,
          "type": "text",
        },
      ],
      "name": "button",
      "namespace": "http://www.w3.org/1999/xhtml",
      "next": [Circular],
      "parent": null,
      "prev": null,
      "root": Object {
        "attribs": Object {},
        "children": Array [
          [Circular],
          [Circular],
        ],
        "name": "root",
        "namespace": "http://www.w3.org/1999/xhtml",
        "next": null,
        "parent": null,
        "prev": null,
        "type": "root",
        "x-attribsNamespace": Object {},
        "x-attribsPrefix": Object {},
      },
      "type": "tag",
      "x-attribsNamespace": Object {},
      "x-attribsPrefix": Object {},
    },
    "root": Object {
      "attribs": Object {},
      "children": Array [
        Object {
          "attribs": Object {},
          "children": Array [
            Object {
              "data": "Click me",
              "next": null,
              "parent": [Circular],
              "prev": null,
              "type": "text",
            },
          ],
          "name": "button",
          "namespace": "http://www.w3.org/1999/xhtml",
          "next": [Circular],
          "parent": null,
          "prev": null,
          "root": [Circular],
          "type": "tag",
          "x-attribsNamespace": Object {},
          "x-attribsPrefix": Object {},
        },
        [Circular],
      ],
      "name": "root",
      "namespace": "http://www.w3.org/1999/xhtml",
      "next": null,
      "parent": null,
      "prev": null,
      "type": "root",
      "x-attribsNamespace": Object {},
      "x-attribsPrefix": Object {},
    },
    "type": "tag",
    "x-attribsNamespace": Object {
      "style": undefined,
    },
    "x-attribsPrefix": Object {
      "style": undefined,
    },
  },
  "_root": [Circular],
  "length": 2,
  "options": Object {
    "decodeEntities": true,
    "normalizeWhitespace": false,
    "withDomLvl1": true,
    "xml": false,
  },
}
`;
